
T5934.hs:12:7: error:
    • Couldn't match type ‘Integer’ with ‘(forall s. GenST s) -> Int’
        arising from the literal ‘0’
    • In the expression: 0
      In an equation for ‘run’: run = 0
